../Core/Src/lcd.c:32:13:lcd_cmd	16	static
../Core/Src/lcd.c:39:13:lcd_data	16	static
../Core/Src/lcd.c:46:13:lcd_data16	16	static
../Core/Src/lcd.c:53:13:lcd_send	16	static
../Core/Src/lcd.c:84:13:lcd_set_window	24	static
../Core/Src/lcd.c:98:6:lcd_put_pixel	24	static
../Core/Src/lcd.c:104:6:lcd_copy	8	static
../Core/Src/lcd.c:112:6:lcd_init	16	static
../Core/Src/lcd.c:132:6:lcd_set_pixel	24	static
../Core/Src/lcd.c:141:6:lcd_transfer_done	8	static
../Core/Src/lcd.c:146:5:lcd_is_busy	8	static
../Core/Src/lcd.c:184:6:lcd_put_char	40	static
